
> civic-pulse@0.5.0 dev
> vite


  VITE v5.4.21  ready in 138 ms

  ➜  Local:   http://localhost:3335/
  ➜  Network: http://192.168.1.14:3335/
2:10:51 PM [vite] hmr update /src/components/PainPointsMap.jsx
2:11:34 PM [vite] hmr update /src/App.jsx
2:11:34 PM [vite] Internal server error: /Volumes/SSD1TB/plataforma/src/App.jsx: Identifier 'GlobalOsirisMap' has already been declared. (42:7)

  40 | import HunterDashboard from './components/HunterDashboard';
  41 | import MultiverseAdmin from './components/MultiverseAdmin';
> 42 | import GlobalOsirisMap from './components/GlobalOsirisMap';
     |        ^
  43 | import GothamTargetWorkbench from './components/GothamTargetWorkbench';
  44 |
  45 | import { applyTheme } from './themeManager';
  Plugin: vite:react-babel
  File: /Volumes/SSD1TB/plataforma/src/App.jsx:42:7
  40 |  import HunterDashboard from './components/HunterDashboard';
  41 |  import MultiverseAdmin from './components/MultiverseAdmin';
  42 |  import GlobalOsirisMap from './components/GlobalOsirisMap';
     |         ^
  43 |  import GothamTargetWorkbench from './components/GothamTargetWorkbench';
  44 |  
      at constructor (/Volumes/SSD1TB/plataforma/node_modules/@babel/parser/lib/index.js:365:19)
      at JSXParserMixin.raise (/Volumes/SSD1TB/plataforma/node_modules/@babel/parser/lib/index.js:6616:19)
      at ScopeHandler.checkRedeclarationInScope (/Volumes/SSD1TB/plataforma/node_modules/@babel/parser/lib/index.js:1619:19)
      at ScopeHandler.declareName (/Volumes/SSD1TB/plataforma/node_modules/@babel/parser/lib/index.js:1585:12)
      at JSXParserMixin.declareNameFromIdentifier (/Volumes/SSD1TB/plataforma/node_modules/@babel/parser/lib/index.js:7584:16)
      at JSXParserMixin.checkIdentifier (/Volumes/SSD1TB/plataforma/node_modules/@babel/parser/lib/index.js:7580:12)
      at JSXParserMixin.checkLVal (/Volumes/SSD1TB/plataforma/node_modules/@babel/parser/lib/index.js:7517:12)
      at JSXParserMixin.finishImportSpecifier (/Volumes/SSD1TB/plataforma/node_modules/@babel/parser/lib/index.js:14283:10)
      at JSXParserMixin.parseImportSpecifierLocal (/Volumes/SSD1TB/plataforma/node_modules/@babel/parser/lib/index.js:14280:31)
      at JSXParserMixin.maybeParseDefaultImportSpecifier (/Volumes/SSD1TB/plataforma/node_modules/@babel/parser/lib/index.js:14383:12)
      at JSXParserMixin.parseImportSpecifiersAndAfter (/Volumes/SSD1TB/plataforma/node_modules/@babel/parser/lib/index.js:14256:29)
      at JSXParserMixin.parseImport (/Volumes/SSD1TB/plataforma/node_modules/@babel/parser/lib/index.js:14252:17)
      at JSXParserMixin.parseStatementContent (/Volumes/SSD1TB/plataforma/node_modules/@babel/parser/lib/index.js:12893:27)
      at JSXParserMixin.parseStatementLike (/Volumes/SSD1TB/plataforma/node_modules/@babel/parser/lib/index.js:12784:17)
      at JSXParserMixin.parseModuleItem (/Volumes/SSD1TB/plataforma/node_modules/@babel/parser/lib/index.js:12761:17)
      at JSXParserMixin.parseBlockOrModuleBlockBody (/Volumes/SSD1TB/plataforma/node_modules/@babel/parser/lib/index.js:13333:36)
      at JSXParserMixin.parseBlockBody (/Volumes/SSD1TB/plataforma/node_modules/@babel/parser/lib/index.js:13326:10)
      at JSXParserMixin.parseProgram (/Volumes/SSD1TB/plataforma/node_modules/@babel/parser/lib/index.js:12639:10)
      at JSXParserMixin.parseTopLevel (/Volumes/SSD1TB/plataforma/node_modules/@babel/parser/lib/index.js:12629:25)
      at JSXParserMixin.parse (/Volumes/SSD1TB/plataforma/node_modules/@babel/parser/lib/index.js:14505:25)
      at parse (/Volumes/SSD1TB/plataforma/node_modules/@babel/parser/lib/index.js:14539:38)
      at parser (/Volumes/SSD1TB/plataforma/node_modules/@babel/core/lib/parser/index.js:41:34)
      at parser.next (<anonymous>)
      at normalizeFile (/Volumes/SSD1TB/plataforma/node_modules/@babel/core/lib/transformation/normalize-file.js:64:37)
      at normalizeFile.next (<anonymous>)
      at run (/Volumes/SSD1TB/plataforma/node_modules/@babel/core/lib/transformation/index.js:22:50)
      at run.next (<anonymous>)
      at transform (/Volumes/SSD1TB/plataforma/node_modules/@babel/core/lib/transform.js:22:33)
      at transform.next (<anonymous>)
      at step (/Volumes/SSD1TB/plataforma/node_modules/gensync/index.js:261:32)
      at /Volumes/SSD1TB/plataforma/node_modules/gensync/index.js:273:13
      at async.call.result.err.err (/Volumes/SSD1TB/plataforma/node_modules/gensync/index.js:223:11)
      at /Volumes/SSD1TB/plataforma/node_modules/gensync/index.js:189:28
      at /Volumes/SSD1TB/plataforma/node_modules/@babel/core/lib/gensync-utils/async.js:67:7
      at /Volumes/SSD1TB/plataforma/node_modules/gensync/index.js:113:33
      at step (/Volumes/SSD1TB/plataforma/node_modules/gensync/index.js:287:14)
      at /Volumes/SSD1TB/plataforma/node_modules/gensync/index.js:273:13
      at async.call.result.err.err (/Volumes/SSD1TB/plataforma/node_modules/gensync/index.js:223:11)
2:11:47 PM [vite] hmr update /src/App.jsx
